# gpu     sm    mem    enc    dec    jpg    ofa     fb   bar1   ccpm 
# Idx      %      %      %      %      %      %     MB     MB     MB 
    0      0      0      0      0      0      0  21088  21088      0 
    1      0      0      0      0      0      0  20874  20874      0 
    2      0      0      0      0      0      0  20782  20781      0 
    3      0      0      0      0      0      0  20782  20781      0 
    4      0      0      0      0      0      0  20782  20781      0 
    5      0      0      0      0      0      0  20782      4      0 
    6     63      2      0      0      0      0    208     34      0 
    0    100     12      0      0      0      0  22562  22562      0 
    1    100     10      0      0      0      0  22360  22360      0 
    2    100     10      0      0      0      0  22268  22267      0 
    3    100     11      0      0      0      0  22268  22267      0 
    4     99      9      0      0      0      0  22268  22267      0 
    5     98     19      0      0      0      0  21760      4      0 
    6     34      1      0      0      0      0    208     34      0 
    0    100     23      0      0      0      0  22562  22562      0 
    1    100     42      0      0      0      0  22360  22360      0 
    2    100     35      0      0      0      0  22268  22267      0 
    3     97     12      0      0      0      0  22268  22267      0 
    4    100     14      0      0      0      0  22268  22267      0 
    5     98      8      0      0      0      0  21760      4      0 
    6     32      1      0      0      0      0    208     34      0 
    0    100     32      0      0      0      0  22562  22562      0 
    1    100     30      0      0      0      0  22360  22360      0 
    2    100     32      0      0      0      0  22268  22267      0 
    3    100     31      0      0      0      0  22268  22267      0 
    4    100     35      0      0      0      0  22268  22267      0 
    5     82     59      0      0      0      0  21762      4      0 
    6     21      1      0      0      0      0    208     34      0 
    0    100      0      0      0      0      0  22562  22562      0 
    1    100     30      0      0      0      0  22360  22360      0 
    2     92     38      0      0      0      0  22268  22267      0 
    3     98     15      0      0      0      0  22268  22267      0 
    4    100      0      0      0      0      0  22268  22267      0 
    5     94     45      0      0      0      0  21762      4      0 
    6     43      1      0      0      0      0    208     34      0 
    0    100     36      0      0      0      0  22562  22562      0 
    1    100     16      0      0      0      0  22360  22360      0 
    2    100      2      0      0      0      0  22268  22267      0 
    3     99      3      0      0      0      0  22268  22267      0 
    4     98     11      0      0      0      0  22268  22267      0 
    5     97     26      0      0      0      0  21762      4      0 
    6     51      2      0      0      0      0    208     34      0 
    0    100     10      0      0      0      0  22562  22562      0 
    1    100     21      0      0      0      0  22360  22360      0 
# gpu     sm    mem    enc    dec    jpg    ofa     fb   bar1   ccpm 
# Idx      %      %      %      %      %      %     MB     MB     MB 
    2    100     32      0      0      0      0  22268  22267      0 
    3    100     30      0      0      0      0  22268  22267      0 
    4     97     27      0      0      0      0  22268  22267      0 
    5     95     21      0      0      0      0  21762      4      0 
    6     35      1      0      0      0      0    208     34      0 
    0    100     23      0      0      0      0  22562  22562      0 
    1    100     15      0      0      0      0  22360  22360      0 
    2    100     37      0      0      0      0  22268  22267      0 
    3    100     34      0      0      0      0  22268  22267      0 
    4     99     13      0      0      0      0  22268  22267      0 
    5     94     47      0      0      0      0  21762      4      0 
    6     53      1      0      0      0      0    208     34      0 
    0    100      9      0      0      0      0  22562  22562      0 
    1    100     22      0      0      0      0  22360  22360      0 
    2    100     42      0      0      0      0  22268  22267      0 
    3    100      9      0      0      0      0  22268  22267      0 
    4    100     36      0      0      0      0  22268  22267      0 
    5     95     27      0      0      0      0  21762      4      0 
    6     45      1      0      0      0      0    208     34      0 
    0    100      9      0      0      0      0  22562  22562      0 
    1    100     26      0      0      0      0  22360  22360      0 
    2     95     44      0      0      0      0  22268  22267      0 
    3     99      6      0      0      0      0  22268  22267      0 
    4     99     35      0      0      0      0  22268  22267      0 
    5     95     29      0      0      0      0  21762      4      0 
    6     26      1      0      0      0      0    208     34      0 
    0    100     36      0      0      0      0  22562  22562      0 
    1    100     18      0      0      0      0  22360  22360      0 
    2     96     44      0      0      0      0  22268  22267      0 
    3     99      6      0      0      0      0  22268  22267      0 
    4    100     15      0      0      0      0  22268  22267      0 
    5     99     23      0      0      0      0  21762      4      0 
    6     43      1      0      0      0      0    208     34      0 
    0    100     20      0      0      0      0  22562  22562      0 
    1    100     34      0      0      0      0  22360  22360      0 
    2    100     33      0      0      0      0  22268  22267      0 
    3    100     34      0      0      0      0  22268  22267      0 
    4     98     24      0      0      0      0  22268  22267      0 
    5     95     36      0      0      0      0  21762      4      0 
    6     39      1      0      0      0      0    208     34      0 
    0    100     34      0      0      0      0  22564  22564      0 
    1    100     40      0      0      0      0  22362  22362      0 
    2    100     24      0      0      0      0  22270  22269      0 
    3     96     25      0      0      0      0  22270  22269      0 
# gpu     sm    mem    enc    dec    jpg    ofa     fb   bar1   ccpm 
# Idx      %      %      %      %      %      %     MB     MB     MB 
    4    100     13      0      0      0      0  22270  22269      0 
    5     95     47      0      0      0      0  21764      4      0 
    6     44      1      0      0      0      0    208     34      0 
    0    100     41      0      0      0      0  22564  22564      0 
    1    100     28      0      0      0      0  22362  22362      0 
    2     99     12      0      0      0      0  22270  22269      0 
    3     98     13      0      0      0      0  22270  22269      0 
    4    100      0      0      0      0      0  22270  22269      0 
    5     96     46      0      0      0      0  21764      4      0 
    6     34      1      0      0      0      0    208     34      0 
    0    100     16      0      0      0      0  22564  22564      0 
    1    100     33      0      0      0      0  22362  22362      0 
    2     98     14      0      0      0      0  22270  22269      0 
    3     95     36      0      0      0      0  22270  22269      0 
    4    100     31      0      0      0      0  22270  22269      0 
    5    100      0      0      0      0      0  21764      4      0 
    6     53      2      0      0      0      0    208     34      0 
    0    100     36      0      0      0      0  22564  22564      0 
    1    100      1      0      0      0      0  22362  22362      0 
    2    100     24      0      0      0      0  22270  22269      0 
    3    100      0      0      0      0      0  22270  22269      0 
    4    100     11      0      0      0      0  22270  22269      0 
    5     93     42      0      0      0      0  21764      4      0 
    6     39      1      0      0      0      0    208     34      0 
    0    100      9      0      0      0      0  22564  22564      0 
    1    100     29      0      0      0      0  22362  22362      0 
    2    100      8      0      0      0      0  22270  22269      0 
    3    100     31      0      0      0      0  22270  22269      0 
    4     99     11      0      0      0      0  22270  22269      0 
    5     92     41      0      0      0      0  21764      4      0 
    6     53      2      0      0      0      0    208     34      0 
